// Jest Snapshot v1, https://goo.gl/fbAQLP

exports[`<Picture /> should match snapshot 1`] = `
<div>
  <picture
    class="e-picture"
    style="padding-top: 133.33333333333331%;"
  >
    <source
      media="(max-width: 800px)"
      srcset="https://via.placeholder.com/400x300"
    />
    <img
      alt="A placeholder image"
      class="e-img"
      src="https://via.placeholder.com/400x300"
    />
  </picture>
</div>
`;
